mode: atomic
distributed-job-system/internal/logger/logger.go:20.33,22.51 2 5
distributed-job-system/internal/logger/logger.go:23.15,24.24 1 2
distributed-job-system/internal/logger/logger.go:25.25,26.23 1 1
distributed-job-system/internal/logger/logger.go:27.15,28.24 1 0
distributed-job-system/internal/logger/logger.go:29.10,30.23 1 2
distributed-job-system/internal/logger/logger.go:33.2,36.52 3 5
distributed-job-system/internal/logger/logger.go:37.14,38.49 1 2
distributed-job-system/internal/logger/logger.go:39.10,40.49 1 3
distributed-job-system/internal/logger/logger.go:43.2,44.22 2 5
distributed-job-system/internal/logger/logger.go:47.52,48.16 1 3
distributed-job-system/internal/logger/logger.go:48.16,50.3 1 0
distributed-job-system/internal/logger/logger.go:52.2,54.62 2 3
distributed-job-system/internal/logger/logger.go:54.62,56.3 1 1
distributed-job-system/internal/logger/logger.go:57.2,57.58 1 3
distributed-job-system/internal/logger/logger.go:57.58,59.3 1 1
distributed-job-system/internal/logger/logger.go:60.2,60.47 1 3
distributed-job-system/internal/logger/logger.go:60.47,62.3 1 1
distributed-job-system/internal/logger/logger.go:64.2,64.61 1 3
distributed-job-system/internal/logger/logger.go:64.61,66.3 1 0
distributed-job-system/internal/logger/logger.go:68.2,68.20 1 3
distributed-job-system/internal/logger/logger.go:68.20,70.3 1 2
distributed-job-system/internal/logger/logger.go:71.2,71.26 1 1
distributed-job-system/internal/logger/logger.go:74.68,76.2 1 3
distributed-job-system/internal/logger/logger.go:78.64,80.2 1 2
distributed-job-system/internal/logger/logger.go:82.64,84.2 1 2
distributed-job-system/internal/logger/logger.go:86.51,87.51 1 3
distributed-job-system/internal/logger/logger.go:87.51,89.3 1 2
distributed-job-system/internal/logger/logger.go:90.2,90.11 1 1
distributed-job-system/internal/logger/logger.go:93.47,94.47 1 2
distributed-job-system/internal/logger/logger.go:94.47,96.3 1 1
distributed-job-system/internal/logger/logger.go:97.2,97.11 1 1
distributed-job-system/internal/config/config.go:44.30,48.41 3 4
distributed-job-system/internal/config/config.go:48.41,49.45 1 4
distributed-job-system/internal/config/config.go:49.45,51.4 1 0
distributed-job-system/internal/config/config.go:52.3,52.24 1 4
distributed-job-system/internal/config/config.go:53.8,53.43 1 0
distributed-job-system/internal/config/config.go:53.43,56.3 1 0
distributed-job-system/internal/config/config.go:58.2,58.38 1 4
distributed-job-system/internal/config/config.go:58.38,60.3 1 1
distributed-job-system/internal/config/config.go:62.2,62.39 1 3
distributed-job-system/internal/config/config.go:62.39,64.3 1 1
distributed-job-system/internal/config/config.go:66.2,66.17 1 2
distributed-job-system/internal/config/config.go:69.25,82.2 1 5
distributed-job-system/internal/config/config.go:84.47,86.16 2 4
distributed-job-system/internal/config/config.go:86.16,88.3 1 0
distributed-job-system/internal/config/config.go:90.2,91.50 2 4
distributed-job-system/internal/config/config.go:91.50,93.3 1 0
distributed-job-system/internal/config/config.go:95.2,95.23 1 4
distributed-job-system/internal/config/config.go:95.23,97.3 1 3
distributed-job-system/internal/config/config.go:98.2,98.24 1 4
distributed-job-system/internal/config/config.go:98.24,100.3 1 4
distributed-job-system/internal/config/config.go:101.2,101.27 1 4
distributed-job-system/internal/config/config.go:101.27,103.3 1 4
distributed-job-system/internal/config/config.go:104.2,104.26 1 4
distributed-job-system/internal/config/config.go:104.26,106.3 1 3
distributed-job-system/internal/config/config.go:107.2,107.32 1 4
distributed-job-system/internal/config/config.go:107.32,109.17 2 4
distributed-job-system/internal/config/config.go:109.17,111.4 1 0
distributed-job-system/internal/config/config.go:112.3,112.28 1 4
distributed-job-system/internal/config/config.go:114.2,114.29 1 4
distributed-job-system/internal/config/config.go:114.29,116.17 2 3
distributed-job-system/internal/config/config.go:116.17,118.4 1 0
distributed-job-system/internal/config/config.go:119.3,119.25 1 3
distributed-job-system/internal/config/config.go:121.2,121.35 1 4
distributed-job-system/internal/config/config.go:121.35,123.17 2 3
distributed-job-system/internal/config/config.go:123.17,125.4 1 0
distributed-job-system/internal/config/config.go:126.3,126.31 1 3
distributed-job-system/internal/config/config.go:128.2,128.30 1 4
distributed-job-system/internal/config/config.go:128.30,130.17 2 3
distributed-job-system/internal/config/config.go:130.17,132.4 1 0
distributed-job-system/internal/config/config.go:133.3,133.26 1 3
distributed-job-system/internal/config/config.go:136.2,136.12 1 4
distributed-job-system/internal/config/config.go:139.34,140.42 1 4
distributed-job-system/internal/config/config.go:140.42,142.3 1 0
distributed-job-system/internal/config/config.go:143.2,143.43 1 4
distributed-job-system/internal/config/config.go:143.43,145.3 1 4
distributed-job-system/internal/config/config.go:147.2,147.45 1 4
distributed-job-system/internal/config/config.go:147.45,149.17 2 2
distributed-job-system/internal/config/config.go:149.17,151.4 1 0
distributed-job-system/internal/config/config.go:152.3,152.22 1 2
distributed-job-system/internal/config/config.go:155.2,155.44 1 4
distributed-job-system/internal/config/config.go:155.44,157.17 2 1
distributed-job-system/internal/config/config.go:157.17,159.4 1 0
distributed-job-system/internal/config/config.go:160.3,160.21 1 1
distributed-job-system/internal/config/config.go:163.2,163.51 1 4
distributed-job-system/internal/config/config.go:163.51,165.17 2 1
distributed-job-system/internal/config/config.go:165.17,167.4 1 1
distributed-job-system/internal/config/config.go:168.3,168.28 1 0
distributed-job-system/internal/config/config.go:171.2,171.48 1 3
distributed-job-system/internal/config/config.go:171.48,173.17 2 0
distributed-job-system/internal/config/config.go:173.17,175.4 1 0
distributed-job-system/internal/config/config.go:176.3,176.25 1 0
distributed-job-system/internal/config/config.go:179.2,179.55 1 3
distributed-job-system/internal/config/config.go:179.55,181.17 2 0
distributed-job-system/internal/config/config.go:181.17,183.4 1 0
distributed-job-system/internal/config/config.go:184.3,184.31 1 0
distributed-job-system/internal/config/config.go:187.2,187.49 1 3
distributed-job-system/internal/config/config.go:187.49,189.17 2 0
distributed-job-system/internal/config/config.go:189.17,191.4 1 0
distributed-job-system/internal/config/config.go:192.3,192.26 1 0
distributed-job-system/internal/config/config.go:195.2,195.43 1 3
distributed-job-system/internal/config/config.go:195.43,197.3 1 0
distributed-job-system/internal/config/config.go:199.2,199.42 1 3
distributed-job-system/internal/config/config.go:199.42,201.3 1 0
distributed-job-system/internal/config/config.go:203.2,203.12 1 3
distributed-job-system/internal/config/config.go:206.35,209.42 2 4
distributed-job-system/internal/config/config.go:209.42,211.3 1 1
distributed-job-system/internal/config/config.go:212.2,212.41 1 4
distributed-job-system/internal/config/config.go:212.41,214.3 1 0
distributed-job-system/internal/config/config.go:215.2,215.24 1 4
distributed-job-system/internal/config/config.go:215.24,217.3 1 1
distributed-job-system/internal/config/config.go:218.2,218.22 1 4
distributed-job-system/internal/config/config.go:218.22,220.3 1 0
distributed-job-system/internal/config/config.go:221.2,221.30 1 4
distributed-job-system/internal/config/config.go:221.30,223.3 1 0
distributed-job-system/internal/config/config.go:224.2,224.27 1 4
distributed-job-system/internal/config/config.go:224.27,226.3 1 0
distributed-job-system/internal/config/config.go:227.2,227.33 1 4
distributed-job-system/internal/config/config.go:227.33,229.3 1 0
distributed-job-system/internal/config/config.go:230.2,230.28 1 4
distributed-job-system/internal/config/config.go:230.28,232.3 1 0
distributed-job-system/internal/config/config.go:234.2,234.44 1 4
distributed-job-system/internal/config/config.go:234.44,236.3 1 0
distributed-job-system/internal/config/config.go:238.2,238.19 1 4
distributed-job-system/internal/config/config.go:238.19,240.3 1 2
distributed-job-system/internal/config/config.go:241.2,241.12 1 2
distributed-job-system/internal/config/config.go:244.45,245.27 1 4
distributed-job-system/internal/config/config.go:245.27,246.33 1 7
distributed-job-system/internal/config/config.go:246.33,248.4 1 4
distributed-job-system/internal/config/config.go:250.2,250.11 1 0
distributed-job-system/internal/metrics/metrics.go:149.13,172.2 1 1
distributed-job-system/internal/retry/backoff.go:5.53,12.2 3 4
distributed-job-system/internal/producer/handler.go:26.58,27.24 1 1
distributed-job-system/internal/producer/handler.go:27.24,29.3 1 0
distributed-job-system/internal/producer/handler.go:30.2,30.41 1 1
distributed-job-system/internal/producer/handler.go:30.41,32.3 1 1
distributed-job-system/internal/producer/handler.go:33.2,33.29 1 0
distributed-job-system/internal/producer/handler.go:36.52,38.54 1 1
distributed-job-system/internal/producer/handler.go:38.54,43.62 4 1
distributed-job-system/internal/producer/handler.go:43.62,46.4 2 0
distributed-job-system/internal/producer/handler.go:48.3,65.42 3 1
distributed-job-system/internal/producer/handler.go:65.42,71.4 3 0
distributed-job-system/internal/producer/handler.go:73.3,75.45 2 1
distributed-job-system/internal/producer/handler.go:75.45,79.4 2 0
distributed-job-system/internal/producer/handler.go:81.3,86.18 2 1
distributed-job-system/internal/producer/handler.go:86.18,89.4 2 0
distributed-job-system/internal/handlers/admin.go:11.63,12.54 1 1
distributed-job-system/internal/handlers/admin.go:12.54,14.17 2 1
distributed-job-system/internal/handlers/admin.go:14.17,17.4 2 0
distributed-job-system/internal/handlers/admin.go:18.3,19.58 2 1
distributed-job-system/internal/handlers/admin.go:19.58,21.4 1 0
distributed-job-system/internal/handlers/admin.go:25.65,26.54 1 1
distributed-job-system/internal/handlers/admin.go:26.54,31.17 4 1
distributed-job-system/internal/handlers/admin.go:31.17,34.4 2 0
distributed-job-system/internal/handlers/admin.go:35.3,36.57 2 1
distributed-job-system/internal/handlers/admin.go:36.57,38.4 1 0
distributed-job-system/internal/handlers/admin.go:42.57,43.54 1 1
distributed-job-system/internal/handlers/admin.go:43.54,45.17 2 1
distributed-job-system/internal/handlers/admin.go:45.17,48.4 2 0
distributed-job-system/internal/handlers/admin.go:49.3,50.58 2 1
distributed-job-system/internal/handlers/admin.go:50.58,52.4 1 0
distributed-job-system/internal/handlers/dead_jobs.go:12.59,13.54 1 1
distributed-job-system/internal/handlers/dead_jobs.go:13.54,16.17 2 1
distributed-job-system/internal/handlers/dead_jobs.go:16.17,19.4 2 0
distributed-job-system/internal/handlers/dead_jobs.go:21.3,26.57 2 1
distributed-job-system/internal/handlers/dead_jobs.go:26.57,29.4 2 0
distributed-job-system/internal/handlers/dead_jobs.go:33.65,34.54 1 1
distributed-job-system/internal/handlers/dead_jobs.go:34.54,37.15 2 1
distributed-job-system/internal/handlers/dead_jobs.go:37.15,40.4 2 0
distributed-job-system/internal/handlers/dead_jobs.go:42.3,44.17 2 1
distributed-job-system/internal/handlers/dead_jobs.go:44.17,45.33 1 0
distributed-job-system/internal/handlers/dead_jobs.go:45.33,49.5 2 0
distributed-job-system/internal/handlers/dead_jobs.go:51.4,52.10 2 0
distributed-job-system/internal/handlers/dead_jobs.go:56.3,66.18 3 1
distributed-job-system/internal/handlers/dead_jobs.go:66.18,69.4 2 0
distributed-job-system/internal/handlers/health.go:21.39,22.54 1 1
distributed-job-system/internal/handlers/health.go:22.54,28.3 3 1
distributed-job-system/internal/handlers/health.go:31.57,32.54 1 1
distributed-job-system/internal/handlers/health.go:32.54,38.37 4 1
distributed-job-system/internal/handlers/health.go:38.37,45.4 3 0
distributed-job-system/internal/handlers/health.go:47.3,51.5 2 1
distributed-job-system/internal/handlers/jobs.go:11.58,13.54 1 1
distributed-job-system/internal/handlers/jobs.go:13.54,20.15 2 1
distributed-job-system/internal/handlers/jobs.go:20.15,29.4 2 0
distributed-job-system/internal/handlers/jobs.go:31.3,36.17 2 1
distributed-job-system/internal/handlers/jobs.go:36.17,45.4 2 0
distributed-job-system/internal/handlers/jobs.go:47.3,52.56 2 1
distributed-job-system/internal/handlers/jobs.go:52.56,55.4 2 0
distributed-job-system/cmd/server/main.go:26.81,32.6 4 1
distributed-job-system/cmd/server/main.go:32.6,33.10 1 3
distributed-job-system/cmd/server/main.go:34.21,36.10 2 1
distributed-job-system/cmd/server/main.go:37.19,39.18 2 2
distributed-job-system/cmd/server/main.go:39.18,43.13 2 0
distributed-job-system/cmd/server/main.go:45.4,45.13 1 2
distributed-job-system/cmd/server/main.go:45.13,51.5 2 1
distributed-job-system/cmd/server/main.go:56.87,63.6 4 1
distributed-job-system/cmd/server/main.go:63.6,64.10 1 2
distributed-job-system/cmd/server/main.go:65.21,67.10 2 1
distributed-job-system/cmd/server/main.go:68.19,70.18 2 1
distributed-job-system/cmd/server/main.go:70.18,72.13 2 0
distributed-job-system/cmd/server/main.go:74.4,74.13 1 1
distributed-job-system/cmd/server/main.go:74.13,77.5 2 1
distributed-job-system/cmd/server/main.go:82.89,89.6 4 1
distributed-job-system/cmd/server/main.go:89.6,90.10 1 1
distributed-job-system/cmd/server/main.go:91.21,93.10 2 1
distributed-job-system/cmd/server/main.go:94.19,96.18 2 0
distributed-job-system/cmd/server/main.go:96.18,98.13 2 0
distributed-job-system/cmd/server/main.go:100.4,103.58 4 0
distributed-job-system/cmd/server/main.go:108.13,111.16 2 0
distributed-job-system/cmd/server/main.go:111.16,113.3 1 0
distributed-job-system/cmd/server/main.go:115.2,126.16 4 0
distributed-job-system/cmd/server/main.go:126.16,128.3 1 0
distributed-job-system/cmd/server/main.go:129.2,129.15 1 0
distributed-job-system/cmd/server/main.go:129.15,131.56 1 0
distributed-job-system/cmd/server/main.go:131.56,136.4 1 0
distributed-job-system/cmd/server/main.go:139.2,144.40 5 0
distributed-job-system/cmd/server/main.go:144.40,146.3 1 0
distributed-job-system/cmd/server/main.go:148.2,155.40 5 0
distributed-job-system/cmd/server/main.go:155.40,161.3 2 0
distributed-job-system/cmd/server/main.go:163.2,192.12 18 0
distributed-job-system/cmd/server/main.go:192.12,197.80 2 0
distributed-job-system/cmd/server/main.go:197.80,199.4 1 0
distributed-job-system/cmd/server/main.go:202.2,214.62 6 0
distributed-job-system/cmd/server/main.go:214.62,219.3 1 0
distributed-job-system/internal/queue/redis.go:208.81,209.15 1 2
distributed-job-system/internal/queue/redis.go:209.15,211.3 1 1
distributed-job-system/internal/queue/redis.go:212.2,212.63 1 1
distributed-job-system/internal/queue/redis.go:215.75,216.15 1 1
distributed-job-system/internal/queue/redis.go:216.15,218.3 1 0
distributed-job-system/internal/queue/redis.go:220.2,224.12 5 1
distributed-job-system/internal/queue/redis.go:227.54,229.2 1 1
distributed-job-system/internal/queue/redis.go:232.45,239.2 2 25
distributed-job-system/internal/queue/redis.go:241.68,244.16 3 8
distributed-job-system/internal/queue/redis.go:244.16,246.3 1 0
distributed-job-system/internal/queue/redis.go:247.2,248.46 2 8
distributed-job-system/internal/queue/redis.go:251.66,254.16 2 0
distributed-job-system/internal/queue/redis.go:254.16,256.3 1 0
distributed-job-system/internal/queue/redis.go:258.2,261.16 3 0
distributed-job-system/internal/queue/redis.go:261.16,263.3 1 0
distributed-job-system/internal/queue/redis.go:265.2,265.18 1 0
distributed-job-system/internal/queue/redis.go:268.71,271.16 2 22
distributed-job-system/internal/queue/redis.go:271.16,273.3 1 0
distributed-job-system/internal/queue/redis.go:275.2,279.22 1 22
distributed-job-system/internal/queue/redis.go:283.80,290.16 2 10
distributed-job-system/internal/queue/redis.go:290.16,292.3 1 2
distributed-job-system/internal/queue/redis.go:294.2,299.16 2 8
distributed-job-system/internal/queue/redis.go:299.16,302.3 1 0
distributed-job-system/internal/queue/redis.go:304.2,304.18 1 8
distributed-job-system/internal/queue/redis.go:307.84,310.16 2 4
distributed-job-system/internal/queue/redis.go:310.16,312.3 1 0
distributed-job-system/internal/queue/redis.go:314.2,318.9 1 4
distributed-job-system/internal/queue/redis.go:322.80,330.16 2 3
distributed-job-system/internal/queue/redis.go:330.16,332.3 1 0
distributed-job-system/internal/queue/redis.go:334.2,336.31 2 3
distributed-job-system/internal/queue/redis.go:336.31,339.61 2 2
distributed-job-system/internal/queue/redis.go:339.61,340.12 1 0
distributed-job-system/internal/queue/redis.go:343.3,343.35 1 2
distributed-job-system/internal/queue/redis.go:346.2,346.22 1 3
distributed-job-system/internal/queue/redis.go:349.87,350.14 1 6
distributed-job-system/internal/queue/redis.go:350.14,352.3 1 1
distributed-job-system/internal/queue/redis.go:354.2,355.16 2 5
distributed-job-system/internal/queue/redis.go:355.16,357.3 1 0
distributed-job-system/internal/queue/redis.go:359.2,360.31 2 5
distributed-job-system/internal/queue/redis.go:360.31,362.65 2 3
distributed-job-system/internal/queue/redis.go:362.65,363.12 1 0
distributed-job-system/internal/queue/redis.go:365.3,365.23 1 3
distributed-job-system/internal/queue/redis.go:365.23,367.9 2 3
distributed-job-system/internal/queue/redis.go:370.2,370.19 1 5
distributed-job-system/internal/queue/redis.go:370.19,372.3 1 2
distributed-job-system/internal/queue/redis.go:374.2,384.16 9 3
distributed-job-system/internal/queue/redis.go:384.16,386.3 1 0
distributed-job-system/internal/queue/redis.go:387.2,396.22 3 3
distributed-job-system/internal/queue/redis.go:396.22,398.3 1 0
distributed-job-system/internal/queue/redis.go:399.2,399.16 1 3
distributed-job-system/internal/queue/redis.go:399.16,401.3 1 0
distributed-job-system/internal/queue/redis.go:403.2,403.32 1 3
distributed-job-system/internal/queue/redis.go:403.32,405.3 1 0
distributed-job-system/internal/queue/redis.go:407.2,407.44 1 3
distributed-job-system/internal/queue/redis.go:407.44,409.3 1 0
distributed-job-system/internal/queue/redis.go:411.2,411.18 1 3
distributed-job-system/internal/queue/redis.go:414.101,419.16 3 7
distributed-job-system/internal/queue/redis.go:419.16,421.3 1 0
distributed-job-system/internal/queue/redis.go:423.2,425.64 2 7
distributed-job-system/internal/queue/redis.go:425.64,427.3 1 0
distributed-job-system/internal/queue/redis.go:429.2,441.16 4 7
distributed-job-system/internal/queue/redis.go:441.16,444.3 2 0
distributed-job-system/internal/queue/redis.go:446.2,446.18 1 7
distributed-job-system/internal/queue/redis.go:449.67,459.2 2 2
distributed-job-system/internal/queue/redis.go:461.105,473.2 3 2
distributed-job-system/internal/queue/redis.go:475.68,478.16 2 2
distributed-job-system/internal/queue/redis.go:478.16,480.3 1 0
distributed-job-system/internal/queue/redis.go:481.2,486.12 6 2
distributed-job-system/internal/queue/redis.go:489.68,498.16 3 4
distributed-job-system/internal/queue/redis.go:498.16,500.3 1 0
distributed-job-system/internal/queue/redis.go:502.2,503.25 2 4
distributed-job-system/internal/queue/redis.go:503.25,505.31 2 6
distributed-job-system/internal/queue/redis.go:505.31,507.12 2 1
distributed-job-system/internal/queue/redis.go:510.3,512.17 3 5
distributed-job-system/internal/queue/redis.go:512.17,513.12 1 0
distributed-job-system/internal/queue/redis.go:516.3,524.31 3 5
distributed-job-system/internal/queue/redis.go:524.31,526.4 1 5
distributed-job-system/internal/queue/redis.go:528.2,528.19 1 4
distributed-job-system/internal/queue/redis.go:531.93,534.44 2 2
distributed-job-system/internal/queue/redis.go:534.44,536.3 1 0
distributed-job-system/internal/queue/redis.go:538.2,546.12 2 2
distributed-job-system/internal/queue/redis.go:549.77,559.16 3 3
distributed-job-system/internal/queue/redis.go:559.16,561.3 1 0
distributed-job-system/internal/queue/redis.go:563.2,564.25 2 3
distributed-job-system/internal/queue/redis.go:564.25,566.31 2 3
distributed-job-system/internal/queue/redis.go:566.31,568.12 2 1
distributed-job-system/internal/queue/redis.go:571.3,574.17 3 2
distributed-job-system/internal/queue/redis.go:574.17,575.12 1 0
distributed-job-system/internal/queue/redis.go:578.3,589.31 4 2
distributed-job-system/internal/queue/redis.go:589.31,591.4 1 2
distributed-job-system/internal/queue/redis.go:594.2,594.24 1 3
distributed-job-system/internal/queue/redis.go:597.103,598.16 1 4
distributed-job-system/internal/queue/redis.go:598.16,600.3 1 1
distributed-job-system/internal/queue/redis.go:602.2,614.16 4 3
distributed-job-system/internal/queue/redis.go:614.16,616.3 1 0
distributed-job-system/internal/queue/redis.go:617.2,617.25 1 3
distributed-job-system/internal/queue/redis.go:620.84,624.2 3 1
distributed-job-system/internal/queue/redis.go:626.69,637.42 9 0
distributed-job-system/internal/queue/redis.go:637.42,639.3 1 0
distributed-job-system/internal/queue/redis.go:641.2,655.8 5 0
distributed-job-system/internal/queue/redis.go:658.85,660.16 2 0
distributed-job-system/internal/queue/redis.go:660.16,662.3 1 0
distributed-job-system/internal/queue/redis.go:663.2,665.26 3 0
distributed-job-system/internal/queue/redis.go:665.26,669.18 4 0
distributed-job-system/internal/queue/redis.go:669.18,671.4 1 0
distributed-job-system/internal/queue/redis.go:672.3,673.31 2 0
distributed-job-system/internal/queue/redis.go:673.31,680.12 2 0
distributed-job-system/internal/queue/redis.go:682.3,686.5 1 0
distributed-job-system/internal/queue/redis.go:688.2,688.17 1 0
distributed-job-system/internal/queue/redis.go:691.101,692.15 1 0
distributed-job-system/internal/queue/redis.go:692.15,694.3 1 0
distributed-job-system/internal/queue/redis.go:695.2,695.16 1 0
distributed-job-system/internal/queue/redis.go:695.16,697.3 1 0
distributed-job-system/internal/queue/redis.go:698.2,698.17 1 0
distributed-job-system/internal/queue/redis.go:698.17,700.3 1 0
distributed-job-system/internal/queue/redis.go:702.2,703.16 2 0
distributed-job-system/internal/queue/redis.go:703.16,705.3 1 0
distributed-job-system/internal/queue/redis.go:707.2,709.16 3 0
distributed-job-system/internal/queue/redis.go:709.16,711.3 1 0
distributed-job-system/internal/queue/redis.go:713.2,714.27 2 0
distributed-job-system/internal/queue/redis.go:714.27,716.55 2 0
distributed-job-system/internal/queue/redis.go:716.55,717.12 1 0
distributed-job-system/internal/queue/redis.go:719.3,719.27 1 0
distributed-job-system/internal/queue/redis.go:722.2,728.8 1 0
distributed-job-system/internal/worker/limits.go:11.46,12.56 1 3
distributed-job-system/internal/worker/limits.go:12.56,14.3 1 2
distributed-job-system/internal/worker/limits.go:15.2,15.31 1 1
distributed-job-system/internal/worker/limits.go:18.13,21.2 1 1
distributed-job-system/internal/worker/print_handler.go:13.72,27.16 6 1
distributed-job-system/internal/worker/print_handler.go:27.16,29.3 1 0
distributed-job-system/internal/worker/print_handler.go:31.2,35.12 2 1
distributed-job-system/internal/worker/registry.go:15.30,19.2 1 5
distributed-job-system/internal/worker/registry.go:21.65,23.20 1 6
distributed-job-system/internal/worker/registry.go:23.20,24.27 1 0
distributed-job-system/internal/worker/registry.go:27.2,27.46 1 6
distributed-job-system/internal/worker/registry.go:27.46,28.50 1 1
distributed-job-system/internal/worker/registry.go:31.2,31.31 1 5
distributed-job-system/internal/worker/registry.go:34.69,42.9 3 4
distributed-job-system/internal/worker/registry.go:42.9,45.3 2 2
distributed-job-system/internal/worker/registry.go:46.2,46.34 1 2
distributed-job-system/internal/worker/worker.go:22.69,29.2 1 2
distributed-job-system/internal/worker/worker.go:31.88,38.6 2 1
distributed-job-system/internal/worker/worker.go:38.6,40.10 1 2
distributed-job-system/internal/worker/worker.go:42.21,48.10 2 0
distributed-job-system/internal/worker/worker.go:50.11,53.18 2 2
distributed-job-system/internal/worker/worker.go:53.18,54.25 1 1
distributed-job-system/internal/worker/worker.go:54.25,60.6 2 1
distributed-job-system/internal/worker/worker.go:62.5,69.13 3 0
distributed-job-system/internal/worker/worker.go:72.4,79.59 7 1
distributed-job-system/internal/worker/worker.go:79.59,87.13 4 0
distributed-job-system/internal/worker/worker.go:90.4,94.18 4 1
distributed-job-system/internal/worker/worker.go:94.18,101.13 3 0
distributed-job-system/internal/worker/worker.go:104.4,104.17 1 1
distributed-job-system/internal/worker/worker.go:104.17,117.13 5 0
distributed-job-system/internal/worker/worker.go:120.4,120.17 1 1
distributed-job-system/internal/worker/worker.go:120.17,121.77 1 1
distributed-job-system/internal/worker/worker.go:121.77,127.6 1 1
distributed-job-system/internal/worker/worker.go:130.4,130.40 1 1
distributed-job-system/internal/worker/worker.go:130.40,135.19 3 0
distributed-job-system/internal/worker/worker.go:135.19,143.14 3 0
distributed-job-system/internal/worker/worker.go:146.5,146.18 1 0
distributed-job-system/internal/worker/worker.go:146.18,158.14 6 0
distributed-job-system/internal/worker/worker.go:162.4,171.20 7 1
distributed-job-system/internal/worker/worker.go:171.20,173.5 1 0
distributed-job-system/internal/worker/worker.go:175.4,175.22 1 1
distributed-job-system/internal/worker/worker.go:175.22,186.47 3 0
distributed-job-system/internal/worker/worker.go:186.47,210.70 10 0
distributed-job-system/internal/worker/worker.go:210.70,218.15 3 0
distributed-job-system/internal/worker/worker.go:221.6,221.14 1 0
distributed-job-system/internal/worker/worker.go:224.5,232.19 6 0
distributed-job-system/internal/worker/worker.go:232.19,239.6 2 0
distributed-job-system/internal/worker/worker.go:241.5,262.66 3 0
distributed-job-system/internal/worker/worker.go:262.66,269.6 1 0
distributed-job-system/internal/worker/worker.go:269.11,277.6 2 0
distributed-job-system/internal/worker/worker.go:278.5,279.13 2 0
distributed-job-system/internal/worker/worker.go:282.4,290.40 6 1
distributed-job-system/internal/worker/worker.go:290.40,292.63 2 0
distributed-job-system/internal/worker/worker.go:292.63,299.6 1 0
distributed-job-system/internal/worker/worker.go:302.4,302.58 1 1
distributed-job-system/internal/worker/worker.go:302.58,308.5 1 0
distributed-job-system/internal/worker/worker.go:310.4,315.5 1 1
distributed-job-system/internal/worker/worker.go:320.86,323.30 2 2
distributed-job-system/internal/worker/worker.go:323.30,325.3 1 2
distributed-job-system/internal/worker/worker.go:327.2,330.6 3 2
distributed-job-system/internal/worker/worker.go:330.6,331.10 1 2
distributed-job-system/internal/worker/worker.go:332.21,333.10 1 2
distributed-job-system/internal/worker/worker.go:334.19,335.72 1 0
distributed-job-system/internal/worker/worker.go:335.72,341.13 2 0
distributed-job-system/internal/worker/worker.go:343.4,347.5 2 0
distributed-job-system/internal/jobs/job.go:46.45,47.11 1 0
distributed-job-system/internal/jobs/job.go:48.50,49.11 1 0
distributed-job-system/internal/jobs/job.go:50.10,51.25 1 0
distributed-job-system/internal/jobs/job.go:55.37,56.30 1 0
distributed-job-system/internal/jobs/job.go:57.20,58.21 1 0
distributed-job-system/internal/jobs/job.go:59.19,60.20 1 0
distributed-job-system/internal/jobs/job.go:61.10,62.24 1 0
distributed-job-system/internal/jobs/job.go:66.32,68.2 1 0
distributed-job-system/internal/middleware/request_id.go:13.48,14.71 1 0
distributed-job-system/internal/middleware/request_id.go:14.71,16.15 2 0
distributed-job-system/internal/middleware/request_id.go:16.15,18.4 1 0
distributed-job-system/internal/middleware/request_id.go:20.3,30.40 4 0
distributed-job-system/internal/drivers/rabbit/broker.go:31.39,33.16 2 0
distributed-job-system/internal/drivers/rabbit/broker.go:33.16,35.3 1 0
distributed-job-system/internal/drivers/rabbit/broker.go:36.2,37.16 2 0
distributed-job-system/internal/drivers/rabbit/broker.go:37.16,40.3 2 0
distributed-job-system/internal/drivers/rabbit/broker.go:41.2,41.44 1 0
distributed-job-system/internal/drivers/rabbit/broker.go:41.44,45.3 3 0
distributed-job-system/internal/drivers/rabbit/broker.go:47.2,52.44 2 0
distributed-job-system/internal/drivers/rabbit/broker.go:52.44,55.3 2 0
distributed-job-system/internal/drivers/rabbit/broker.go:56.2,56.15 1 0
distributed-job-system/internal/drivers/rabbit/broker.go:59.42,61.61 1 0
distributed-job-system/internal/drivers/rabbit/broker.go:61.61,62.84 1 0
distributed-job-system/internal/drivers/rabbit/broker.go:62.84,64.4 1 0
distributed-job-system/internal/drivers/rabbit/broker.go:67.2,71.89 2 0
distributed-job-system/internal/drivers/rabbit/broker.go:71.89,73.3 1 0
distributed-job-system/internal/drivers/rabbit/broker.go:74.2,74.12 1 0
distributed-job-system/internal/drivers/rabbit/broker.go:77.39,78.35 1 0
distributed-job-system/internal/drivers/rabbit/broker.go:79.25,80.15 1 0
distributed-job-system/internal/drivers/rabbit/broker.go:81.24,82.14 1 0
distributed-job-system/internal/drivers/rabbit/broker.go:83.10,84.18 1 0
distributed-job-system/internal/drivers/rabbit/broker.go:88.64,91.16 3 0
distributed-job-system/internal/drivers/rabbit/broker.go:91.16,93.3 1 0
distributed-job-system/internal/drivers/rabbit/broker.go:94.2,104.4 1 0
distributed-job-system/internal/drivers/rabbit/broker.go:107.97,110.6 2 0
distributed-job-system/internal/drivers/rabbit/broker.go:110.6,111.10 1 0
distributed-job-system/internal/drivers/rabbit/broker.go:112.21,113.25 1 0
distributed-job-system/internal/drivers/rabbit/broker.go:114.11,114.11 0 0
distributed-job-system/internal/drivers/rabbit/broker.go:117.3,117.54 1 0
distributed-job-system/internal/drivers/rabbit/broker.go:117.54,119.18 2 0
distributed-job-system/internal/drivers/rabbit/broker.go:119.18,121.5 1 0
distributed-job-system/internal/drivers/rabbit/broker.go:122.4,122.11 1 0
distributed-job-system/internal/drivers/rabbit/broker.go:122.11,123.13 1 0
distributed-job-system/internal/drivers/rabbit/broker.go:126.4,127.55 2 0
distributed-job-system/internal/drivers/rabbit/broker.go:127.55,131.5 2 0
distributed-job-system/internal/drivers/rabbit/broker.go:132.4,138.20 5 0
distributed-job-system/internal/drivers/rabbit/broker.go:141.3,141.10 1 0
distributed-job-system/internal/drivers/rabbit/broker.go:142.21,143.25 1 0
distributed-job-system/internal/drivers/rabbit/broker.go:144.45,144.45 0 0
distributed-job-system/internal/drivers/rabbit/broker.go:149.63,152.8 3 0
distributed-job-system/internal/drivers/rabbit/broker.go:152.8,154.3 1 0
distributed-job-system/internal/drivers/rabbit/broker.go:155.2,156.9 2 0
distributed-job-system/internal/drivers/rabbit/broker.go:156.9,158.3 1 0
distributed-job-system/internal/drivers/rabbit/broker.go:159.2,159.21 1 0
distributed-job-system/internal/drivers/rabbit/broker.go:162.64,165.8 3 0
distributed-job-system/internal/drivers/rabbit/broker.go:165.8,167.3 1 0
distributed-job-system/internal/drivers/rabbit/broker.go:168.2,169.9 2 0
distributed-job-system/internal/drivers/rabbit/broker.go:169.9,171.3 1 0
distributed-job-system/internal/drivers/rabbit/broker.go:172.2,172.28 1 0
distributed-job-system/internal/drivers/rabbit/broker.go:175.89,176.25 1 0
distributed-job-system/internal/drivers/rabbit/broker.go:176.25,178.3 1 0
distributed-job-system/internal/drivers/rabbit/broker.go:179.2,184.16 5 0
distributed-job-system/internal/drivers/rabbit/broker.go:184.16,186.3 1 0
distributed-job-system/internal/drivers/rabbit/broker.go:188.2,199.4 2 0
distributed-job-system/internal/drivers/rabbit/broker.go:202.81,205.16 3 0
distributed-job-system/internal/drivers/rabbit/broker.go:205.16,207.3 1 0
distributed-job-system/internal/drivers/rabbit/broker.go:208.2,213.4 1 0
distributed-job-system/internal/drivers/rabbit/broker.go:216.51,220.17 4 0
distributed-job-system/internal/drivers/rabbit/broker.go:220.17,222.3 1 0
distributed-job-system/internal/drivers/rabbit/broker.go:223.2,223.19 1 0
distributed-job-system/internal/drivers/rabbit/broker.go:223.19,225.3 1 0
distributed-job-system/internal/drivers/rabbit/broker.go:226.2,226.12 1 0
distributed-job-system/internal/drivers/rabbit/broker.go:229.83,230.6 1 0
distributed-job-system/internal/drivers/rabbit/broker.go:230.6,232.17 2 0
distributed-job-system/internal/drivers/rabbit/broker.go:232.17,234.4 1 0
distributed-job-system/internal/drivers/rabbit/broker.go:235.3,235.10 1 0
distributed-job-system/internal/drivers/rabbit/broker.go:235.10,237.4 1 0
distributed-job-system/internal/drivers/rabbit/broker.go:238.3,239.55 2 0
distributed-job-system/internal/drivers/rabbit/broker.go:239.55,241.12 2 0
distributed-job-system/internal/drivers/rabbit/broker.go:243.3,243.20 1 0
distributed-job-system/internal/drivers/rabbit/broker.go:243.20,247.4 2 0
distributed-job-system/internal/drivers/rabbit/broker.go:248.3,252.42 5 0
distributed-job-system/internal/drivers/rabbit/broker.go:252.42,254.4 1 0
distributed-job-system/internal/drivers/rabbit/broker.go:255.3,255.19 1 0
